Reusing configuration cache.
> Task :app:preBuild UP-TO-DATE
> Task :app:checkKotlinGradlePluginConfigurationErrors SKIPPED
> Task :app:preDebugBuild UP-TO-DATE
> Task :app:mergeDebugNativeDebugMetadata NO-SOURCE
> Task :app:generateDebugBuildConfig UP-TO-DATE
> Task :app:generateDebugResValues UP-TO-DATE
> Task :app:generateDebugResources UP-TO-DATE
> Task :app:checkDebugAarMetadata UP-TO-DATE
> Task :app:createDebugCompatibleScreenManifests UP-TO-DATE
> Task :app:javaPreCompileDebug UP-TO-DATE
> Task :app:extractDeepLinksDebug UP-TO-DATE
> Task :app:desugarDebugFileDependencies UP-TO-DATE
> Task :app:mapDebugSourceSetPaths UP-TO-DATE
> Task :app:processDebugNavigationResources UP-TO-DATE
> Task :app:mergeDebugShaders UP-TO-DATE
> Task :app:packageDebugResources UP-TO-DATE
> Task :app:compileDebugShaders NO-SOURCE
> Task :app:mergeDebugJniLibFolders UP-TO-DATE
> Task :app:generateDebugAssets UP-TO-DATE
> Task :app:parseDebugLocalResources UP-TO-DATE
> Task :app:validateSigningDebug UP-TO-DATE
> Task :app:compileDebugNavigationResources UP-TO-DATE
> Task :app:writeDebugAppMetadata UP-TO-DATE
> Task :app:writeDebugSigningConfigVersions UP-TO-DATE
> Task :app:mergeDebugResources UP-TO-DATE
> Task :app:mergeDebugNativeLibs UP-TO-DATE
> Task :app:processDebugMainManifest UP-TO-DATE
> Task :app:mergeDebugAssets UP-TO-DATE
> Task :app:compileDebugAidl UP-TO-DATE
> Task :app:compressDebugAssets UP-TO-DATE
> Task :app:checkDebugDuplicateClasses FAILED
> Task :app:processDebugManifest

> Task :app:stripDebugDebugSymbols
Unable to strip the following libraries, packaging them as they are: libaapt2.so, libandroidx.graphics.path.so, libattach.so, libawt.so, libawt_headless.so, libawt_xawt.so, libdt_socket.so, libextnet.so, libfontmanager.so, libgemini.so, libinstrument.so, libj2gss.so, libj2pcsc.so, libj2pkcs11.so, libjaas.so, libjava.so, libjavajpeg.so, libjawt.so, libjdk.so, libjdwp.so, libjimage.so, libjli.so, libjnidispatch.so, libjsig.so, libjsound.so, libjules.so, libjvm.so, liblcms.so, libmanagement.so, libmanagement_agent.so, libmanagement_ext.so, libmlib_image.so, libnet.so, libnio.so, libprefs.so, librmi.so, libsctp.so, libsodium.so, libsplashscreen.so, libsyslookup.so, libverify.so, libzip.so. Run with --info option to learn more.

FAILURE: Build failed with an exception.

* What went wrong:
Execution failed for task ':app:checkDebugDuplicateClasses'.
> A failure occurred while executing com.android.build.gradle.internal.tasks.CheckDuplicatesRunnable
   > Duplicate class com.sun.jna.AltCallingConvention found in modules jna-5.13.0.jar -> jna-5.13.0 (net.java.dev.jna:jna:5.13.0) and kotlinc-android-fce2462f00.aar -> kotlinc-android-fce2462f00-runtime (com.github.Cosmic-Ide.kotlinc-android:kotlinc-android:fce2462f00)
     Duplicate class com.sun.jna.Callback found in modules jna-5.13.0.jar -> jna-5.13.0 (net.java.dev.jna:jna:5.13.0) and kotlinc-android-fce2462f00.aar -> kotlinc-android-fce2462f00-runtime (com.github.Cosmic-Ide.kotlinc-android:kotlinc-android:fce2462f00)
     Duplicate class com.sun.jna.Callback$UncaughtExceptionHandler found in modules jna-5.13.0.jar -> jna-5.13.0 (net.java.dev.jna:jna:5.13.0) and kotlinc-android-fce2462f00.aar -> kotlinc-android-fce2462f00-runtime (com.github.Cosmic-Ide.kotlinc-android:kotlinc-android:fce2462f00)
     Duplicate class com.sun.jna.CallbackParameterContext found in modules jna-5.13.0.jar -> jna-5.13.0 (net.java.dev.jna:jna:5.13.0) and kotlinc-android-fce2462f00.aar -> kotlinc-android-fce2462f00-runtime (com.github.Cosmic-Ide.kotlinc-android:kotlinc-android:fce2462f00)
     Duplicate class com.sun.jna.CallbackProxy found in modules jna-5.13.0.jar -> jna-5.13.0 (net.java.dev.jna:jna:5.13.0) and kotlinc-android-fce2462f00.aar -> kotlinc-android-fce2462f00-runtime (com.github.Cosmic-Ide.kotlinc-android:kotlinc-android:fce2462f00)
     Duplicate class com.sun.jna.CallbackReference found in modules jna-5.13.0.jar -> jna-5.13.0 (net.java.dev.jna:jna:5.13.0) and kotlinc-android-fce2462f00.aar -> kotlinc-android-fce2462f00-runtime (com.github.Cosmic-Ide.kotlinc-android:kotlinc-android:fce2462f00)
     Duplicate class com.sun.jna.CallbackReference$AttachOptions found in modules jna-5.13.0.jar -> jna-5.13.0 (net.java.dev.jna:jna:5.13.0) and kotlinc-android-fce2462f00.aar -> kotlinc-android-fce2462f00-runtime (com.github.Cosmic-Ide.kotlinc-android:kotlinc-android:fce2462f00)
     Duplicate class com.sun.jna.CallbackReference$DefaultCallbackProxy found in modules jna-5.13.0.jar -> jna-5.13.0 (net.java.dev.jna:jna:5.13.0) and kotlinc-android-fce2462f00.aar -> kotlinc-android-fce2462f00-runtime (com.github.Cosmic-Ide.kotlinc-android:kotlinc-android:fce2462f00)
     Duplicate class com.sun.jna.CallbackReference$NativeFunctionHandler found in modules jna-5.13.0.jar -> jna-5.13.0 (net.java.dev.jna:jna:5.13.0) and kotlinc-android-fce2462f00.aar -> kotlinc-android-fce2462f00-runtime (com.github.Cosmic-Ide.kotlinc-android:kotlinc-android:fce2462f00)
     Duplicate class com.sun.jna.CallbackResultContext found in modules jna-5.13.0.jar -> jna-5.13.0 (net.java.dev.jna:jna:5.13.0) and kotlinc-android-fce2462f00.aar -> kotlinc-android-fce2462f00-runtime (com.github.Cosmic-Ide.kotlinc-android:kotlinc-android:fce2462f00)
     Duplicate class com.sun.jna.CallbackThreadInitializer found in modules jna-5.13.0.jar -> jna-5.13.0 (net.java.dev.jna:jna:5.13.0) and kotlinc-android-fce2462f00.aar -> kotlinc-android-fce2462f00-runtime (com.github.Cosmic-Ide.kotlinc-android:kotlinc-android:fce2462f00)
     Duplicate class com.sun.jna.DefaultTypeMapper found in modules jna-5.13.0.jar -> jna-5.13.0 (net.java.dev.jna:jna:5.13.0) and kotlinc-android-fce2462f00.aar -> kotlinc-android-fce2462f00-runtime (com.github.Cosmic-Ide.kotlinc-android:kotlinc-android:fce2462f00)
     Duplicate class com.sun.jna.DefaultTypeMapper$Entry found in modules jna-5.13.0.jar -> jna-5.13.0 (net.java.dev.jna:jna:5.13.0) and kotlinc-android-fce2462f00.aar -> kotlinc-android-fce2462f00-runtime (com.github.Cosmic-Ide.kotlinc-android:kotlinc-android:fce2462f00)
     Duplicate class com.sun.jna.ELFAnalyser found in modules jna-5.13.0.jar -> jna-5.13.0 (net.java.dev.jna:jna:5.13.0) and kotlinc-android-fce2462f00.aar -> kotlinc-android-fce2462f00-runtime (com.github.Cosmic-Ide.kotlinc-android:kotlinc-android:fce2462f00)
     Duplicate class com.sun.jna.ELFAnalyser$1 found in modules jna-5.13.0.jar -> jna-5.13.0 (net.java.dev.jna:jna:5.13.0) and kotlinc-android-fce2462f00.aar -> kotlinc-android-fce2462f00-runtime (com.github.Cosmic-Ide.kotlinc-android:kotlinc-android:fce2462f00)
     Duplicate class com.sun.jna.ELFAnalyser$ArmAeabiAttributesTag found in modules jna-5.13.0.jar -> jna-5.13.0 (net.java.dev.jna:jna:5.13.0) and kotlinc-android-fce2462f00.aar -> kotlinc-android-fce2462f00-runtime (com.github.Cosmic-Ide.kotlinc-android:kotlinc-android:fce2462f00)
     Duplicate class com.sun.jna.ELFAnalyser$ArmAeabiAttributesTag$ParameterType found in modules jna-5.13.0.jar -> jna-5.13.0 (net.java.dev.jna:jna:5.13.0) and kotlinc-android-fce2462f00.aar -> kotlinc-android-fce2462f00-runtime (com.github.Cosmic-Ide.kotlinc-android:kotlinc-android:fce2462f00)
     Duplicate class com.sun.jna.ELFAnalyser$ELFSectionHeaderEntry found in modules jna-5.13.0.jar -> jna-5.13.0 (net.java.dev.jna:jna:5.13.0) and kotlinc-android-fce2462f00.aar -> kotlinc-android-fce2462f00-runtime (com.github.Cosmic-Ide.kotlinc-android:kotlinc-android:fce2462f00)
     Duplicate class com.sun.jna.ELFAnalyser$ELFSectionHeaders found in modules jna-5.13.0.jar -> jna-5.13.0 (net.java.dev.jna:jna:5.13.0) and kotlinc-android-fce2462f00.aar -> kotlinc-android-fce2462f00-runtime (com.github.Cosmic-Ide.kotlinc-android:kotlinc-android:fce2462f00)
     Duplicate class com.sun.jna.FromNativeContext found in modules jna-5.13.0.jar -> jna-5.13.0 (net.java.dev.jna:jna:5.13.0) and kotlinc-android-fce2462f00.aar -> kotlinc-android-fce2462f00-runtime (com.github.Cosmic-Ide.kotlinc-android:kotlinc-android:fce2462f00)
     Duplicate class com.sun.jna.FromNativeConverter found in modules jna-5.13.0.jar -> jna-5.13.0 (net.java.dev.jna:jna:5.13.0) and kotlinc-android-fce2462f00.aar -> kotlinc-android-fce2462f00-runtime (com.github.Cosmic-Ide.kotlinc-android:kotlinc-android:fce2462f00)
     Duplicate class com.sun.jna.Function found in modules jna-5.13.0.jar -> jna-5.13.0 (net.java.dev.jna:jna:5.13.0) and kotlinc-android-fce2462f00.aar -> kotlinc-android-fce2462f00-runtime (com.github.Cosmic-Ide.kotlinc-android:kotlinc-android:fce2462f00)
     Duplicate class com.sun.jna.Function$NativeMappedArray found in modules jna-5.13.0.jar -> jna-5.13.0 (net.java.dev.jna:jna:5.13.0) and kotlinc-android-fce2462f00.aar -> kotlinc-android-fce2462f00-runtime (com.github.Cosmic-Ide.kotlinc-android:kotlinc-android:fce2462f00)
     Duplicate class com.sun.jna.Function$PointerArray found in modules jna-5.13.0.jar -> jna-5.13.0 (net.java.dev.jna:jna:5.13.0) and kotlinc-android-fce2462f00.aar -> kotlinc-android-fce2462f00-runtime (com.github.Cosmic-Ide.kotlinc-android:kotlinc-android:fce2462f00)
     Duplicate class com.sun.jna.Function$PostCallRead found in modules jna-5.13.0.jar -> jna-5.13.0 (net.java.dev.jna:jna:5.13.0) and kotlinc-android-fce2462f00.aar -> kotlinc-android-fce2462f00-runtime (com.github.Cosmic-Ide.kotlinc-android:kotlinc-android:fce2462f00)
     Duplicate class com.sun.jna.FunctionMapper found in modules jna-5.13.0.jar -> jna-5.13.0 (net.java.dev.jna:jna:5.13.0) and kotlinc-android-fce2462f00.aar -> kotlinc-android-fce2462f00-runtime (com.github.Cosmic-Ide.kotlinc-android:kotlinc-android:fce2462f00)
     Duplicate class com.sun.jna.FunctionParameterContext found in modules jna-5.13.0.jar -> jna-5.13.0 (net.java.dev.jna:jna:5.13.0) and kotlinc-android-fce2462f00.aar -> kotlinc-android-fce2462f00-runtime (com.github.Cosmic-Ide.kotlinc-android:kotlinc-android:fce2462f00)
     Duplicate class com.sun.jna.FunctionResultContext found in modules jna-5.13.0.jar -> jna-5.13.0 (net.java.dev.jna:jna:5.13.0) and kotlinc-android-fce2462f00.aar -> kotlinc-android-fce2462f00-runtime (com.github.Cosmic-Ide.kotlinc-android:kotlinc-android:fce2462f00)
     Duplicate class com.sun.jna.IntegerType found in modules jna-5.13.0.jar -> jna-5.13.0 (net.java.dev.jna:jna:5.13.0) and kotlinc-android-fce2462f00.aar -> kotlinc-android-fce2462f00-runtime (com.github.Cosmic-Ide.kotlinc-android:kotlinc-android:fce2462f00)
     Duplicate class com.sun.jna.InvocationMapper found in modules jna-5.13.0.jar -> jna-5.13.0 (net.java.dev.jna:jna:5.13.0) and kotlinc-android-fce2462f00.aar -> kotlinc-android-fce2462f00-runtime (com.github.Cosmic-Ide.kotlinc-android:kotlinc-android:fce2462f00)
     Duplicate class com.sun.jna.JNIEnv found in modules jna-5.13.0.jar -> jna-5.13.0 (net.java.dev.jna:jna:5.13.0) and kotlinc-android-fce2462f00.aar -> kotlinc-android-fce2462f00-runtime (com.github.Cosmic-Ide.kotlinc-android:kotlinc-android:fce2462f00)
     Duplicate class com.sun.jna.Klass found in modules jna-5.13.0.jar -> jna-5.13.0 (net.java.dev.jna:jna:5.13.0) and kotlinc-android-fce2462f00.aar -> kotlinc-android-fce2462f00-runtime (com.github.Cosmic-Ide.kotlinc-android:kotlinc-android:fce2462f00)
     Duplicate class com.sun.jna.LastErrorException found in modules jna-5.13.0.jar -> jna-5.13.0 (net.java.dev.jna:jna:5.13.0) and kotlinc-android-fce2462f00.aar -> kotlinc-android-fce2462f00-runtime (com.github.Cosmic-Ide.kotlinc-android:kotlinc-android:fce2462f00)
     Duplicate class com.sun.jna.Library found in modules jna-5.13.0.jar -> jna-5.13.0 (net.java.dev.jna:jna:5.13.0) and kotlinc-android-fce2462f00.aar -> kotlinc-android-fce2462f00-runtime (com.github.Cosmic-Ide.kotlinc-android:kotlinc-android:fce2462f00)
     Duplicate class com.sun.jna.Library$Handler found in modules jna-5.13.0.jar -> jna-5.13.0 (net.java.dev.jna:jna:5.13.0) and kotlinc-android-fce2462f00.aar -> kotlinc-android-fce2462f00-runtime (com.github.Cosmic-Ide.kotlinc-android:kotlinc-android:fce2462f00)
     Duplicate class com.sun.jna.Library$Handler$FunctionInfo found in modules jna-5.13.0.jar -> jna-5.13.0 (net.java.dev.jna:jna:5.13.0) and kotlinc-android-fce2462f00.aar -> kotlinc-android-fce2462f00-runtime (com.github.Cosmic-Ide.kotlinc-android:kotlinc-android:fce2462f00)
     Duplicate class com.sun.jna.Memory found in modules jna-5.13.0.jar -> jna-5.13.0 (net.java.dev.jna:jna:5.13.0) and kotlinc-android-fce2462f00.aar -> kotlinc-android-fce2462f00-runtime (com.github.Cosmic-Ide.kotlinc-android:kotlinc-android:fce2462f00)
     Duplicate class com.sun.jna.Memory$SharedMemory found in modules jna-5.13.0.jar -> jna-5.13.0 (net.java.dev.jna:jna:5.13.0) and kotlinc-android-fce2462f00.aar -> kotlinc-android-fce2462f00-runtime (com.github.Cosmic-Ide.kotlinc-android:kotlinc-android:fce2462f00)
     Duplicate class com.sun.jna.MethodParameterContext found in modules jna-5.13.0.jar -> jna-5.13.0 (net.java.dev.jna:jna:5.13.0) and kotlinc-android-fce2462f00.aar -> kotlinc-android-fce2462f00-runtime (com.github.Cosmic-Ide.kotlinc-android:kotlinc-android:fce2462f00)
     Duplicate class com.sun.jna.MethodResultContext found in modules jna-5.13.0.jar -> jna-5.13.0 (net.java.dev.jna:jna:5.13.0) and kotlinc-android-fce2462f00.aar -> kotlinc-android-fce2462f00-runtime (com.github.Cosmic-Ide.kotlinc-android:kotlinc-android:fce2462f00)
     Duplicate class com.sun.jna.Native found in modules jna-5.13.0.jar -> jna-5.13.0 (net.java.dev.jna:jna:5.13.0) and kotlinc-android-fce2462f00.aar -> kotlinc-android-fce2462f00-runtime (com.github.Cosmic-Ide.kotlinc-android:kotlinc-android:fce2462f00)
     Duplicate class com.sun.jna.Native$1 found in modules jna-5.13.0.jar -> jna-5.13.0 (net.java.dev.jna:jna:5.13.0) and kotlinc-android-fce2462f00.aar -> kotlinc-android-fce2462f00-runtime (com.github.Cosmic-Ide.kotlinc-android:kotlinc-android:fce2462f00)
     Duplicate class com.sun.jna.Native$2 found in modules jna-5.13.0.jar -> jna-5.13.0 (net.java.dev.jna:jna:5.13.0) and kotlinc-android-fce2462f00.aar -> kotlinc-android-fce2462f00-runtime (com.github.Cosmic-Ide.kotlinc-android:kotlinc-android:fce2462f00)
     Duplicate class com.sun.jna.Native$3 found in modules jna-5.13.0.jar -> jna-5.13.0 (net.java.dev.jna:jna:5.13.0) and kotlinc-android-fce2462f00.aar -> kotlinc-android-fce2462f00-runtime (com.github.Cosmic-Ide.kotlinc-android:kotlinc-android:fce2462f00)
     Duplicate class com.sun.jna.Native$4 found in modules jna-5.13.0.jar -> jna-5.13.0 (net.java.dev.jna:jna:5.13.0) and kotlinc-android-fce2462f00.aar -> kotlinc-android-fce2462f00-runtime (com.github.Cosmic-Ide.kotlinc-android:kotlinc-android:fce2462f00)
     Duplicate class com.sun.jna.Native$5 found in modules jna-5.13.0.jar -> jna-5.13.0 (net.java.dev.jna:jna:5.13.0) and kotlinc-android-fce2462f00.aar -> kotlinc-android-fce2462f00-runtime (com.github.Cosmic-Ide.kotlinc-android:kotlinc-android:fce2462f00)
     Duplicate class com.sun.jna.Native$6 found in modules jna-5.13.0.jar -> jna-5.13.0 (net.java.dev.jna:jna:5.13.0) and kotlinc-android-fce2462f00.aar -> kotlinc-android-fce2462f00-runtime (com.github.Cosmic-Ide.kotlinc-android:kotlinc-android:fce2462f00)
     Duplicate class com.sun.jna.Native$7 found in modules jna-5.13.0.jar -> jna-5.13.0 (net.java.dev.jna:jna:5.13.0) and kotlinc-android-fce2462f00.aar -> kotlinc-android-fce2462f00-runtime (com.github.Cosmic-Ide.kotlinc-android:kotlinc-android:fce2462f00)
     Duplicate class com.sun.jna.Native$AWT found in modules jna-5.13.0.jar -> jna-5.13.0 (net.java.dev.jna:jna:5.13.0) and kotlinc-android-fce2462f00.aar -> kotlinc-android-fce2462f00-runtime (com.github.Cosmic-Ide.kotlinc-android:kotlinc-android:fce2462f00)
     Duplicate class com.sun.jna.Native$Buffers found in modules jna-5.13.0.jar -> jna-5.13.0 (net.java.dev.jna:jna:5.13.0) and kotlinc-android-fce2462f00.aar -> kotlinc-android-fce2462f00-runtime (com.github.Cosmic-Ide.kotlinc-android:kotlinc-android:fce2462f00)
     Duplicate class com.sun.jna.Native$ffi_callback found in modules jna-5.13.0.jar -> jna-5.13.0 (net.java.dev.jna:jna:5.13.0) and kotlinc-android-fce2462f00.aar -> kotlinc-android-fce2462f00-runtime (com.github.Cosmic-Ide.kotlinc-android:kotlinc-android:fce2462f00)
     Duplicate class com.sun.jna.NativeLibrary found in modules jna-5.13.0.jar -> jna-5.13.0 (net.java.dev.jna:jna:5.13.0) and kotlinc-android-fce2462f00.aar -> kotlinc-android-fce2462f00-runtime (com.github.Cosmic-Ide.kotlinc-android:kotlinc-android:fce2462f00)
     Duplicate class com.sun.jna.NativeLibrary$1 found in modules jna-5.13.0.jar -> jna-5.13.0 (net.java.dev.jna:jna:5.13.0) and kotlinc-android-fce2462f00.aar -> kotlinc-android-fce2462f00-runtime (com.github.Cosmic-Ide.kotlinc-android:kotlinc-android:fce2462f00)
     Duplicate class com.sun.jna.NativeLibrary$2 found in modules jna-5.13.0.jar -> jna-5.13.0 (net.java.dev.jna:jna:5.13.0) and kotlinc-android-fce2462f00.aar -> kotlinc-android-fce2462f00-runtime (com.github.Cosmic-Ide.kotlinc-android:kotlinc-android:fce2462f00)
     Duplicate class com.sun.jna.NativeLong found in modules jna-5.13.0.jar -> jna-5.13.0 (net.java.dev.jna:jna:5.13.0) and kotlinc-android-fce2462f00.aar -> kotlinc-android-fce2462f00-runtime (com.github.Cosmic-Ide.kotlinc-android:kotlinc-android:fce2462f00)
     Duplicate class com.sun.jna.NativeMapped found in modules jna-5.13.0.jar -> jna-5.13.0 (net.java.dev.jna:jna:5.13.0) and kotlinc-android-fce2462f00.aar -> kotlinc-android-fce2462f00-runtime (com.github.Cosmic-Ide.kotlinc-android:kotlinc-android:fce2462f00)
     Duplicate class com.sun.jna.NativeMappedConverter found in modules jna-5.13.0.jar -> jna-5.13.0 (net.java.dev.jna:jna:5.13.0) and kotlinc-android-fce2462f00.aar -> kotlinc-android-fce2462f00-runtime (com.github.Cosmic-Ide.kotlinc-android:kotlinc-android:fce2462f00)
     Duplicate class com.sun.jna.NativeString found in modules jna-5.13.0.jar -> jna-5.13.0 (net.java.dev.jna:jna:5.13.0) and kotlinc-android-fce2462f00.aar -> kotlinc-android-fce2462f00-runtime (com.github.Cosmic-Ide.kotlinc-android:kotlinc-android:fce2462f00)
     Duplicate class com.sun.jna.NativeString$StringMemory found in modules jna-5.13.0.jar -> jna-5.13.0 (net.java.dev.jna:jna:5.13.0) and kotlinc-android-fce2462f00.aar -> kotlinc-android-fce2462f00-runtime (com.github.Cosmic-Ide.kotlinc-android:kotlinc-android:fce2462f00)
     Duplicate class com.sun.jna.Platform found in modules jna-5.13.0.jar -> jna-5.13.0 (net.java.dev.jna:jna:5.13.0) and kotlinc-android-fce2462f00.aar -> kotlinc-android-fce2462f00-runtime (com.github.Cosmic-Ide.kotlinc-android:kotlinc-android:fce2462f00)
     Duplicate class com.sun.jna.Pointer found in modules jna-5.13.0.jar -> jna-5.13.0 (net.java.dev.jna:jna:5.13.0) and kotlinc-android-fce2462f00.aar -> kotlinc-android-fce2462f00-runtime (com.github.Cosmic-Ide.kotlinc-android:kotlinc-android:fce2462f00)
     Duplicate class com.sun.jna.Pointer$1 found in modules jna-5.13.0.jar -> jna-5.13.0 (net.java.dev.jna:jna:5.13.0) and kotlinc-android-fce2462f00.aar -> kotlinc-android-fce2462f00-runtime (com.github.Cosmic-Ide.kotlinc-android:kotlinc-android:fce2462f00)
     Duplicate class com.sun.jna.Pointer$Opaque found in modules jna-5.13.0.jar -> jna-5.13.0 (net.java.dev.jna:jna:5.13.0) and kotlinc-android-fce2462f00.aar -> kotlinc-android-fce2462f00-runtime (com.github.Cosmic-Ide.kotlinc-android:kotlinc-android:fce2462f00)
     Duplicate class com.sun.jna.PointerType found in modules jna-5.13.0.jar -> jna-5.13.0 (net.java.dev.jna:jna:5.13.0) and kotlinc-android-fce2462f00.aar -> kotlinc-android-fce2462f00-runtime (com.github.Cosmic-Ide.kotlinc-android:kotlinc-android:fce2462f00)
     Duplicate class com.sun.jna.StringArray found in modules jna-5.13.0.jar -> jna-5.13.0 (net.java.dev.jna:jna:5.13.0) and kotlinc-android-fce2462f00.aar -> kotlinc-android-fce2462f00-runtime (com.github.Cosmic-Ide.kotlinc-android:kotlinc-android:fce2462f00)
     Duplicate class com.sun.jna.Structure found in modules jna-5.13.0.jar -> jna-5.13.0 (net.java.dev.jna:jna:5.13.0) and kotlinc-android-fce2462f00.aar -> kotlinc-android-fce2462f00-runtime (com.github.Cosmic-Ide.kotlinc-android:kotlinc-android:fce2462f00)
     Duplicate class com.sun.jna.Structure$1 found in modules jna-5.13.0.jar -> jna-5.13.0 (net.java.dev.jna:jna:5.13.0) and kotlinc-android-fce2462f00.aar -> kotlinc-android-fce2462f00-runtime (com.github.Cosmic-Ide.kotlinc-android:kotlinc-android:fce2462f00)
     Duplicate class com.sun.jna.Structure$2 found in modules jna-5.13.0.jar -> jna-5.13.0 (net.java.dev.jna:jna:5.13.0) and kotlinc-android-fce2462f00.aar -> kotlinc-android-fce2462f00-runtime (com.github.Cosmic-Ide.kotlinc-android:kotlinc-android:fce2462f00)
     Duplicate class com.sun.jna.Structure$3 found in modules jna-5.13.0.jar -> jna-5.13.0 (net.java.dev.jna:jna:5.13.0) and kotlinc-android-fce2462f00.aar -> kotlinc-android-fce2462f00-runtime (com.github.Cosmic-Ide.kotlinc-android:kotlinc-android:fce2462f00)
     Duplicate class com.sun.jna.Structure$AutoAllocated found in modules jna-5.13.0.jar -> jna-5.13.0 (net.java.dev.jna:jna:5.13.0) and kotlinc-android-fce2462f00.aar -> kotlinc-android-fce2462f00-runtime (com.github.Cosmic-Ide.kotlinc-android:kotlinc-android:fce2462f00)
     Duplicate class com.sun.jna.Structure$ByReference found in modules jna-5.13.0.jar -> jna-5.13.0 (net.java.dev.jna:jna:5.13.0) and kotlinc-android-fce2462f00.aar -> kotlinc-android-fce2462f00-runtime (com.github.Cosmic-Ide.kotlinc-android:kotlinc-android:fce2462f00)
     Duplicate class com.sun.jna.Structure$ByValue found in modules jna-5.13.0.jar -> jna-5.13.0 (net.java.dev.jna:jna:5.13.0) and kotlinc-android-fce2462f00.aar -> kotlinc-android-fce2462f00-runtime (com.github.Cosmic-Ide.kotlinc-android:kotlinc-android:fce2462f00)
     Duplicate class com.sun.jna.Structure$FFIType found in modules jna-5.13.0.jar -> jna-5.13.0 (net.java.dev.jna:jna:5.13.0) and kotlinc-android-fce2462f00.aar -> kotlinc-android-fce2462f00-runtime (com.github.Cosmic-Ide.kotlinc-android:kotlinc-android:fce2462f00)
     Duplicate class com.sun.jna.Structure$FFIType$FFITypes found in modules jna-5.13.0.jar -> jna-5.13.0 (net.java.dev.jna:jna:5.13.0) and kotlinc-android-fce2462f00.aar -> kotlinc-android-fce2462f00-runtime (com.github.Cosmic-Ide.kotlinc-android:kotlinc-android:fce2462f00)
     Duplicate class com.sun.jna.Structure$FFIType$size_t found in modules jna-5.13.0.jar -> jna-5.13.0 (net.java.dev.jna:jna:5.13.0) and kotlinc-android-fce2462f00.aar -> kotlinc-android-fce2462f00-runtime (com.github.Cosmic-Ide.kotlinc-android:kotlinc-android:fce2462f00)
     Duplicate class com.sun.jna.Structure$FieldOrder found in modules jna-5.13.0.jar -> jna-5.13.0 (net.java.dev.jna:jna:5.13.0) and kotlinc-android-fce2462f00.aar -> kotlinc-android-fce2462f00-runtime (com.github.Cosmic-Ide.kotlinc-android:kotlinc-android:fce2462f00)
     Duplicate class com.sun.jna.Structure$LayoutInfo found in modules jna-5.13.0.jar -> jna-5.13.0 (net.java.dev.jna:jna:5.13.0) and kotlinc-android-fce2462f00.aar -> kotlinc-android-fce2462f00-runtime (com.github.Cosmic-Ide.kotlinc-android:kotlinc-android:fce2462f00)
     Duplicate class com.sun.jna.Structure$NativeStringTracking found in modules jna-5.13.0.jar -> jna-5.13.0 (net.java.dev.jna:jna:5.13.0) and kotlinc-android-fce2462f00.aar -> kotlinc-android-fce2462f00-runtime (com.github.Cosmic-Ide.kotlinc-android:kotlinc-android:fce2462f00)
     Duplicate class com.sun.jna.Structure$StructField found in modules jna-5.13.0.jar -> jna-5.13.0 (net.java.dev.jna:jna:5.13.0) and kotlinc-android-fce2462f00.aar -> kotlinc-android-fce2462f00-runtime (com.github.Cosmic-Ide.kotlinc-android:kotlinc-android:fce2462f00)
     Duplicate class com.sun.jna.Structure$StructureSet found in modules jna-5.13.0.jar -> jna-5.13.0 (net.java.dev.jna:jna:5.13.0) and kotlinc-android-fce2462f00.aar -> kotlinc-android-fce2462f00-runtime (com.github.Cosmic-Ide.kotlinc-android:kotlinc-android:fce2462f00)
     Duplicate class com.sun.jna.StructureReadContext found in modules jna-5.13.0.jar -> jna-5.13.0 (net.java.dev.jna:jna:5.13.0) and kotlinc-android-fce2462f00.aar -> kotlinc-android-fce2462f00-runtime (com.github.Cosmic-Ide.kotlinc-android:kotlinc-android:fce2462f00)
     Duplicate class com.sun.jna.StructureWriteContext found in modules jna-5.13.0.jar -> jna-5.13.0 (net.java.dev.jna:jna:5.13.0) and kotlinc-android-fce2462f00.aar -> kotlinc-android-fce2462f00-runtime (com.github.Cosmic-Ide.kotlinc-android:kotlinc-android:fce2462f00)
     Duplicate class com.sun.jna.ToNativeContext found in modules jna-5.13.0.jar -> jna-5.13.0 (net.java.dev.jna:jna:5.13.0) and kotlinc-android-fce2462f00.aar -> kotlinc-android-fce2462f00-runtime (com.github.Cosmic-Ide.kotlinc-android:kotlinc-android:fce2462f00)
     Duplicate class com.sun.jna.ToNativeConverter found in modules jna-5.13.0.jar -> jna-5.13.0 (net.java.dev.jna:jna:5.13.0) and kotlinc-android-fce2462f00.aar -> kotlinc-android-fce2462f00-runtime (com.github.Cosmic-Ide.kotlinc-android:kotlinc-android:fce2462f00)
     Duplicate class com.sun.jna.TypeConverter found in modules jna-5.13.0.jar -> jna-5.13.0 (net.java.dev.jna:jna:5.13.0) and kotlinc-android-fce2462f00.aar -> kotlinc-android-fce2462f00-runtime (com.github.Cosmic-Ide.kotlinc-android:kotlinc-android:fce2462f00)
     Duplicate class com.sun.jna.TypeMapper found in modules jna-5.13.0.jar -> jna-5.13.0 (net.java.dev.jna:jna:5.13.0) and kotlinc-android-fce2462f00.aar -> kotlinc-android-fce2462f00-runtime (com.github.Cosmic-Ide.kotlinc-android:kotlinc-android:fce2462f00)
     Duplicate class com.sun.jna.Union found in modules jna-5.13.0.jar -> jna-5.13.0 (net.java.dev.jna:jna:5.13.0) and kotlinc-android-fce2462f00.aar -> kotlinc-android-fce2462f00-runtime (com.github.Cosmic-Ide.kotlinc-android:kotlinc-android:fce2462f00)
     Duplicate class com.sun.jna.VarArgsChecker found in modules jna-5.13.0.jar -> jna-5.13.0 (net.java.dev.jna:jna:5.13.0) and kotlinc-android-fce2462f00.aar -> kotlinc-android-fce2462f00-runtime (com.github.Cosmic-Ide.kotlinc-android:kotlinc-android:fce2462f00)
     Duplicate class com.sun.jna.VarArgsChecker$1 found in modules jna-5.13.0.jar -> jna-5.13.0 (net.java.dev.jna:jna:5.13.0) and kotlinc-android-fce2462f00.aar -> kotlinc-android-fce2462f00-runtime (com.github.Cosmic-Ide.kotlinc-android:kotlinc-android:fce2462f00)
     Duplicate class com.sun.jna.VarArgsChecker$NoVarArgsChecker found in modules jna-5.13.0.jar -> jna-5.13.0 (net.java.dev.jna:jna:5.13.0) and kotlinc-android-fce2462f00.aar -> kotlinc-android-fce2462f00-runtime (com.github.Cosmic-Ide.kotlinc-android:kotlinc-android:fce2462f00)
     Duplicate class com.sun.jna.VarArgsChecker$RealVarArgsChecker found in modules jna-5.13.0.jar -> jna-5.13.0 (net.java.dev.jna:jna:5.13.0) and kotlinc-android-fce2462f00.aar -> kotlinc-android-fce2462f00-runtime (com.github.Cosmic-Ide.kotlinc-android:kotlinc-android:fce2462f00)
     Duplicate class com.sun.jna.Version found in modules jna-5.13.0.jar -> jna-5.13.0 (net.java.dev.jna:jna:5.13.0) and kotlinc-android-fce2462f00.aar -> kotlinc-android-fce2462f00-runtime (com.github.Cosmic-Ide.kotlinc-android:kotlinc-android:fce2462f00)
     Duplicate class com.sun.jna.WString found in modules jna-5.13.0.jar -> jna-5.13.0 (net.java.dev.jna:jna:5.13.0) and kotlinc-android-fce2462f00.aar -> kotlinc-android-fce2462f00-runtime (com.github.Cosmic-Ide.kotlinc-android:kotlinc-android:fce2462f00)
     Duplicate class com.sun.jna.WeakMemoryHolder found in modules jna-5.13.0.jar -> jna-5.13.0 (net.java.dev.jna:jna:5.13.0) and kotlinc-android-fce2462f00.aar -> kotlinc-android-fce2462f00-runtime (com.github.Cosmic-Ide.kotlinc-android:kotlinc-android:fce2462f00)
     Duplicate class com.sun.jna.internal.ReflectionUtils found in modules jna-5.13.0.jar -> jna-5.13.0 (net.java.dev.jna:jna:5.13.0) and kotlinc-android-fce2462f00.aar -> kotlinc-android-fce2462f00-runtime (com.github.Cosmic-Ide.kotlinc-android:kotlinc-android:fce2462f00)
     Duplicate class com.sun.jna.ptr.ByReference found in modules jna-5.13.0.jar -> jna-5.13.0 (net.java.dev.jna:jna:5.13.0) and kotlinc-android-fce2462f00.aar -> kotlinc-android-fce2462f00-runtime (com.github.Cosmic-Ide.kotlinc-android:kotlinc-android:fce2462f00)
     Duplicate class com.sun.jna.ptr.ByteByReference found in modules jna-5.13.0.jar -> jna-5.13.0 (net.java.dev.jna:jna:5.13.0) and kotlinc-android-fce2462f00.aar -> kotlinc-android-fce2462f00-runtime (com.github.Cosmic-Ide.kotlinc-android:kotlinc-android:fce2462f00)
     Duplicate class com.sun.jna.ptr.DoubleByReference found in modules jna-5.13.0.jar -> jna-5.13.0 (net.java.dev.jna:jna:5.13.0) and kotlinc-android-fce2462f00.aar -> kotlinc-android-fce2462f00-runtime (com.github.Cosmic-Ide.kotlinc-android:kotlinc-android:fce2462f00)
     Duplicate class com.sun.jna.ptr.FloatByReference found in modules jna-5.13.0.jar -> jna-5.13.0 (net.java.dev.jna:jna:5.13.0) and kotlinc-android-fce2462f00.aar -> kotlinc-android-fce2462f00-runtime (com.github.Cosmic-Ide.kotlinc-android:kotlinc-android:fce2462f00)
     Duplicate class com.sun.jna.ptr.IntByReference found in modules jna-5.13.0.jar -> jna-5.13.0 (net.java.dev.jna:jna:5.13.0) and kotlinc-android-fce2462f00.aar -> kotlinc-android-fce2462f00-runtime (com.github.Cosmic-Ide.kotlinc-android:kotlinc-android:fce2462f00)
     Duplicate class com.sun.jna.ptr.LongByReference found in modules jna-5.13.0.jar -> jna-5.13.0 (net.java.dev.jna:jna:5.13.0) and kotlinc-android-fce2462f00.aar -> kotlinc-android-fce2462f00-runtime (com.github.Cosmic-Ide.kotlinc-android:kotlinc-android:fce2462f00)
     Duplicate class com.sun.jna.ptr.NativeLongByReference found in modules jna-5.13.0.jar -> jna-5.13.0 (net.java.dev.jna:jna:5.13.0) and kotlinc-android-fce2462f00.aar -> kotlinc-android-fce2462f00-runtime (com.github.Cosmic-Ide.kotlinc-android:kotlinc-android:fce2462f00)
     Duplicate class com.sun.jna.ptr.PointerByReference found in modules jna-5.13.0.jar -> jna-5.13.0 (net.java.dev.jna:jna:5.13.0) and kotlinc-android-fce2462f00.aar -> kotlinc-android-fce2462f00-runtime (com.github.Cosmic-Ide.kotlinc-android:kotlinc-android:fce2462f00)
     Duplicate class com.sun.jna.ptr.ShortByReference found in modules jna-5.13.0.jar -> jna-5.13.0 (net.java.dev.jna:jna:5.13.0) and kotlinc-android-fce2462f00.aar -> kotlinc-android-fce2462f00-runtime (com.github.Cosmic-Ide.kotlinc-android:kotlinc-android:fce2462f00)
     Duplicate class com.sun.jna.win32.DLLCallback found in modules jna-5.13.0.jar -> jna-5.13.0 (net.java.dev.jna:jna:5.13.0) and kotlinc-android-fce2462f00.aar -> kotlinc-android-fce2462f00-runtime (com.github.Cosmic-Ide.kotlinc-android:kotlinc-android:fce2462f00)
     Duplicate class com.sun.jna.win32.StdCall found in modules jna-5.13.0.jar -> jna-5.13.0 (net.java.dev.jna:jna:5.13.0) and kotlinc-android-fce2462f00.aar -> kotlinc-android-fce2462f00-runtime (com.github.Cosmic-Ide.kotlinc-android:kotlinc-android:fce2462f00)
     Duplicate class com.sun.jna.win32.StdCallFunctionMapper found in modules jna-5.13.0.jar -> jna-5.13.0 (net.java.dev.jna:jna:5.13.0) and kotlinc-android-fce2462f00.aar -> kotlinc-android-fce2462f00-runtime (com.github.Cosmic-Ide.kotlinc-android:kotlinc-android:fce2462f00)
     Duplicate class com.sun.jna.win32.StdCallLibrary found in modules jna-5.13.0.jar -> jna-5.13.0 (net.java.dev.jna:jna:5.13.0) and kotlinc-android-fce2462f00.aar -> kotlinc-android-fce2462f00-runtime (com.github.Cosmic-Ide.kotlinc-android:kotlinc-android:fce2462f00)
     Duplicate class com.sun.jna.win32.StdCallLibrary$StdCallCallback found in modules jna-5.13.0.jar -> jna-5.13.0 (net.java.dev.jna:jna:5.13.0) and kotlinc-android-fce2462f00.aar -> kotlinc-android-fce2462f00-runtime (com.github.Cosmic-Ide.kotlinc-android:kotlinc-android:fce2462f00)
     Duplicate class com.sun.jna.win32.W32APIFunctionMapper found in modules jna-5.13.0.jar -> jna-5.13.0 (net.java.dev.jna:jna:5.13.0) and kotlinc-android-fce2462f00.aar -> kotlinc-android-fce2462f00-runtime (com.github.Cosmic-Ide.kotlinc-android:kotlinc-android:fce2462f00)
     Duplicate class com.sun.jna.win32.W32APIOptions found in modules jna-5.13.0.jar -> jna-5.13.0 (net.java.dev.jna:jna:5.13.0) and kotlinc-android-fce2462f00.aar -> kotlinc-android-fce2462f00-runtime (com.github.Cosmic-Ide.kotlinc-android:kotlinc-android:fce2462f00)
     Duplicate class com.sun.jna.win32.W32APIOptions$1 found in modules jna-5.13.0.jar -> jna-5.13.0 (net.java.dev.jna:jna:5.13.0) and kotlinc-android-fce2462f00.aar -> kotlinc-android-fce2462f00-runtime (com.github.Cosmic-Ide.kotlinc-android:kotlinc-android:fce2462f00)
     Duplicate class com.sun.jna.win32.W32APIOptions$2 found in modules jna-5.13.0.jar -> jna-5.13.0 (net.java.dev.jna:jna:5.13.0) and kotlinc-android-fce2462f00.aar -> kotlinc-android-fce2462f00-runtime (com.github.Cosmic-Ide.kotlinc-android:kotlinc-android:fce2462f00)
     Duplicate class com.sun.jna.win32.W32APITypeMapper found in modules jna-5.13.0.jar -> jna-5.13.0 (net.java.dev.jna:jna:5.13.0) and kotlinc-android-fce2462f00.aar -> kotlinc-android-fce2462f00-runtime (com.github.Cosmic-Ide.kotlinc-android:kotlinc-android:fce2462f00)
     Duplicate class com.sun.jna.win32.W32APITypeMapper$1 found in modules jna-5.13.0.jar -> jna-5.13.0 (net.java.dev.jna:jna:5.13.0) and kotlinc-android-fce2462f00.aar -> kotlinc-android-fce2462f00-runtime (com.github.Cosmic-Ide.kotlinc-android:kotlinc-android:fce2462f00)
     Duplicate class com.sun.jna.win32.W32APITypeMapper$2 found in modules jna-5.13.0.jar -> jna-5.13.0 (net.java.dev.jna:jna:5.13.0) and kotlinc-android-fce2462f00.aar -> kotlinc-android-fce2462f00-runtime (com.github.Cosmic-Ide.kotlinc-android:kotlinc-android:fce2462f00)
     
     Learn how to fix dependency resolution errors at https://d.android.com/r/tools/classpath-sync-errors

* Try:
> Run with --stacktrace option to get the stack trace.
> Run with --info or --debug option to get more log output.
> Run with --scan to generate a Build Scan (Powered by Develocity).
> Get more help at https://help.gradle.org.

BUILD FAILED in 1s
27 actionable tasks: 3 executed, 24 up-to-date
Configuration cache entry reused.
