Starting a Gradle Daemon, 1 incompatible Daemon could not be reused, use --status for details
Calculating task graph as configuration cache cannot be reused because JVM has changed.
> Task :app:checkKotlinGradlePluginConfigurationErrors SKIPPED
> Task :app:preBuild UP-TO-DATE
> Task :app:preDebugBuild UP-TO-DATE
> Task :app:preDebugUnitTestBuild UP-TO-DATE
> Task :app:generateDebugBuildConfig UP-TO-DATE
> Task :app:generateDebugResValues UP-TO-DATE
> Task :app:mapDebugSourceSetPaths UP-TO-DATE
> Task :app:generateDebugResources UP-TO-DATE
> Task :app:compileDebugAidl UP-TO-DATE
> Task :app:processDebugNavigationResources UP-TO-DATE
> Task :app:checkDebugAarMetadata UP-TO-DATE
> Task :app:createDebugCompatibleScreenManifests UP-TO-DATE
> Task :app:extractDeepLinksDebug UP-TO-DATE
> Task :app:compileDebugNavigationResources UP-TO-DATE
> Task :app:packageDebugResources UP-TO-DATE
> Task :app:javaPreCompileDebug UP-TO-DATE
> Task :app:javaPreCompileDebugUnitTest UP-TO-DATE
> Task :app:mergeDebugShaders UP-TO-DATE
> Task :app:compileDebugShaders NO-SOURCE
> Task :app:generateDebugAssets UP-TO-DATE
> Task :app:parseDebugLocalResources UP-TO-DATE
> Task :app:mergeDebugResources UP-TO-DATE
> Task :app:mergeDebugAssets UP-TO-DATE
> Task :app:processDebugMainManifest UP-TO-DATE
> Task :app:processDebugManifest UP-TO-DATE
> Task :app:processDebugManifestForPackage UP-TO-DATE
> Task :app:processDebugUnitTestManifest UP-TO-DATE
> Task :app:processDebugResources UP-TO-DATE
> Task :app:packageDebugUnitTestForUnitTest UP-TO-DATE
> Task :app:generateDebugUnitTestConfig UP-TO-DATE
> Task :app:compileDebugKotlin UP-TO-DATE
> Task :app:processDebugJavaRes UP-TO-DATE
> Task :app:compileDebugJavaWithJavac UP-TO-DATE
> Task :app:bundleDebugClassesToRuntimeJar UP-TO-DATE
> Task :app:bundleDebugClassesToCompileJar UP-TO-DATE
> Task :app:compileDebugUnitTestKotlin UP-TO-DATE
> Task :app:processDebugUnitTestJavaRes UP-TO-DATE
> Task :app:compileDebugUnitTestJavaWithJavac NO-SOURCE

> Task :app:testDebugUnitTest

SimpleJsBundlerTest > bundle_prefersNameOverExpoName_whenBothPresent FAILED
    java.lang.AssertionError at SimpleJsBundlerTest.kt:42

1 test completed, 1 failed

> Task :app:testDebugUnitTest FAILED

[Incubating] Problems report is available at: file:///app/build/reports/problems/problems-report.html

FAILURE: Build failed with an exception.

* What went wrong:
Execution failed for task ':app:testDebugUnitTest'.
> There were failing tests. See the report at: file:///app/app/build/reports/tests/testDebugUnitTest/index.html

* Try:
> Run with --scan to generate a Build Scan (Powered by Develocity).

Deprecated Gradle features were used in this build, making it incompatible with Gradle 10.

You can use '--warning-mode all' to show the individual deprecation warnings and determine if they come from your own scripts or plugins.

For more on this, please refer to https://docs.gradle.org/9.1.0/userguide/command_line_interface.html#sec:command_line_warnings in the Gradle documentation.

BUILD FAILED in 42s
32 actionable tasks: 1 executed, 31 up-to-date
Configuration cache entry stored.
